2023-12-07 14:56:45.7996 Info Telegram update 
2023-12-07 14:56:54.8172 Error Ошибка: The ConnectionString property has not been initialized. 
2023-12-07 14:56:55.3787 Error Ошибка: Forbidden: bot was blocked by the user 
2023-12-07 14:56:55.8754 Info Telegram update 
2023-12-07 14:57:06.6890 Error Ошибка: The ConnectionString property has not been initialized. 
2023-12-07 14:57:45.9235 Info Telegram update 
2023-12-07 14:57:56.2141 Info Telegram update 
2023-12-07 14:58:00.0717 Error Ошибка: The ConnectionString property has not been initialized. 
2023-12-07 14:58:03.5304 Error Ошибка: The ConnectionString property has not been initialized. 
2023-12-07 14:58:05.0751 Info Telegram update 
2023-12-07 14:58:07.0939 Error Ошибка: The ConnectionString property has not been initialized. 
2023-12-07 15:04:36.9593 Info Telegram update 
2023-12-07 15:04:44.2365 Error Ошибка: The ConnectionString property has not been initialized. 
2023-12-07 15:10:50.7818 Info Scoped Processing Service is working. Count: {Count} 
2023-12-07 15:11:31.4530 Info Scoped Processing Service is working. Count: {Count} 
2023-12-07 15:12:04.1338 Info Telegram update 
2023-12-07 15:12:09.7784 Error Ошибка: The ConnectionString property has not been initialized. 
2023-12-07 15:12:11.5303 Info Scoped Processing Service is working. Count: {Count} 
2023-12-07 15:32:51.7192 Info Consume Scoped Service Hosted Service running. 
2023-12-07 15:32:51.7505 Info Consume Scoped Service Hosted Service is working. 
2023-12-07 15:32:52.0116 Info Scoped Processing Service is working. Count: {Count} 
2023-12-07 15:33:12.5101 Info Telegram update 
2023-12-07 15:33:17.9612 Error Ошибка: The ConnectionString property has not been initialized. 
2023-12-07 15:41:15.1815 Info Consume Scoped Service Hosted Service running. 
2023-12-07 15:41:15.2142 Info Consume Scoped Service Hosted Service is working. 
2023-12-07 15:41:15.5203 Info Scoped Processing Service is working. Count: {Count} 
2023-12-07 15:41:27.1686 Error Ошибка: The ConnectionString property has not been initialized. 
2023-12-07 15:41:58.1278 Info Scoped Processing Service is working. Count: {Count} 
2023-12-07 15:42:39.2905 Info Scoped Processing Service is working. Count: {Count} 
2023-12-07 15:43:20.4869 Info Scoped Processing Service is working. Count: {Count} 
2023-12-07 15:46:28.4855 Info Consume Scoped Service Hosted Service running. 
2023-12-07 15:46:28.5248 Info Consume Scoped Service Hosted Service is working. 
2023-12-07 15:46:28.7730 Info Scoped Processing Service is working. Count: {Count} 
2023-12-07 15:47:10.6190 Info Scoped Processing Service is working. Count: {Count} 
2023-12-07 15:47:51.2332 Info Scoped Processing Service is working. Count: {Count} 
2023-12-07 15:48:31.8295 Info Scoped Processing Service is working. Count: {Count} 
2023-12-07 15:49:12.4164 Info Scoped Processing Service is working. Count: {Count} 
2023-12-07 15:49:53.0524 Info Scoped Processing Service is working. Count: {Count} 
2023-12-07 15:50:33.6649 Info Scoped Processing Service is working. Count: {Count} 
2023-12-07 15:51:14.2663 Info Scoped Processing Service is working. Count: {Count} 
2023-12-07 15:51:26.2474 Error Ошибка: The ConnectionString property has not been initialized. 
2023-12-07 15:54:12.5591 Info Consume Scoped Service Hosted Service running. 
2023-12-07 15:54:12.6027 Info Consume Scoped Service Hosted Service is working. 
2023-12-07 15:54:12.8757 Info Scoped Processing Service is working. Count: {Count} 
2023-12-07 16:10:41.6593 Info Consume Scoped Service Hosted Service running. 
2023-12-07 16:10:41.7232 Info Consume Scoped Service Hosted Service is working. 
2023-12-07 16:10:42.0252 Info Scoped Processing Service is working. Count: {Count} 
2023-12-07 16:11:23.9793 Info Scoped Processing Service is working. Count: {Count} 
2023-12-07 16:12:04.5862 Info Scoped Processing Service is working. Count: {Count} 
2023-12-07 16:12:45.1920 Info Scoped Processing Service is working. Count: {Count} 
2023-12-07 16:13:25.8099 Info Scoped Processing Service is working. Count: {Count} 
2023-12-07 16:14:06.3994 Info Scoped Processing Service is working. Count: {Count} 
2023-12-07 16:14:46.9787 Info Scoped Processing Service is working. Count: {Count} 
2023-12-07 16:15:27.5626 Info Scoped Processing Service is working. Count: {Count} 
2023-12-07 16:16:08.1366 Info Scoped Processing Service is working. Count: {Count} 
2023-12-07 16:16:48.7111 Info Scoped Processing Service is working. Count: {Count} 
2023-12-07 16:17:29.2918 Info Scoped Processing Service is working. Count: {Count} 
2023-12-07 16:18:09.8694 Info Scoped Processing Service is working. Count: {Count} 
2023-12-07 16:18:50.4499 Info Scoped Processing Service is working. Count: {Count} 
2023-12-07 16:19:31.0296 Info Scoped Processing Service is working. Count: {Count} 
2023-12-07 16:20:11.5999 Info Scoped Processing Service is working. Count: {Count} 
2023-12-07 16:20:52.1845 Info Scoped Processing Service is working. Count: {Count} 
2023-12-07 16:21:32.7698 Info Scoped Processing Service is working. Count: {Count} 
2023-12-07 16:22:13.3670 Info Scoped Processing Service is working. Count: {Count} 
2023-12-07 16:22:53.9632 Info Scoped Processing Service is working. Count: {Count} 
2023-12-07 16:23:34.5321 Info Scoped Processing Service is working. Count: {Count} 
2023-12-07 16:24:15.1206 Info Scoped Processing Service is working. Count: {Count} 
2023-12-07 16:24:55.7220 Info Scoped Processing Service is working. Count: {Count} 
2023-12-07 16:25:36.3611 Info Scoped Processing Service is working. Count: {Count} 
2023-12-07 16:26:16.9776 Info Scoped Processing Service is working. Count: {Count} 
2023-12-07 16:26:57.5594 Info Scoped Processing Service is working. Count: {Count} 
2023-12-07 16:27:38.1426 Info Scoped Processing Service is working. Count: {Count} 
2023-12-07 16:28:18.7822 Info Scoped Processing Service is working. Count: {Count} 
2023-12-07 16:28:59.3532 Info Scoped Processing Service is working. Count: {Count} 
2023-12-07 16:29:39.9233 Info Scoped Processing Service is working. Count: {Count} 
2023-12-07 16:30:20.5310 Info Scoped Processing Service is working. Count: {Count} 
2023-12-07 16:31:01.1104 Info Scoped Processing Service is working. Count: {Count} 
2023-12-07 16:31:41.6883 Info Scoped Processing Service is working. Count: {Count} 
2023-12-07 16:32:22.5336 Info Scoped Processing Service is working. Count: {Count} 
2023-12-07 16:33:03.1227 Info Scoped Processing Service is working. Count: {Count} 
2023-12-07 16:33:43.7153 Info Scoped Processing Service is working. Count: {Count} 
2023-12-07 16:34:24.3105 Info Scoped Processing Service is working. Count: {Count} 
2023-12-07 16:35:04.9043 Info Scoped Processing Service is working. Count: {Count} 
2023-12-07 16:35:45.5007 Info Scoped Processing Service is working. Count: {Count} 
2023-12-07 16:36:26.0680 Info Scoped Processing Service is working. Count: {Count} 
2023-12-07 16:37:06.6488 Info Scoped Processing Service is working. Count: {Count} 
2023-12-07 16:37:47.2246 Info Scoped Processing Service is working. Count: {Count} 
2023-12-07 16:38:27.7978 Info Scoped Processing Service is working. Count: {Count} 
2023-12-07 16:39:08.4281 Info Scoped Processing Service is working. Count: {Count} 
2023-12-07 16:39:49.0738 Info Scoped Processing Service is working. Count: {Count} 
2023-12-07 16:40:29.6656 Info Scoped Processing Service is working. Count: {Count} 
2023-12-07 16:41:10.2498 Info Scoped Processing Service is working. Count: {Count} 
2023-12-07 16:41:50.8507 Info Scoped Processing Service is working. Count: {Count} 
2023-12-07 16:42:31.5034 Info Scoped Processing Service is working. Count: {Count} 
2023-12-07 16:43:12.1063 Info Scoped Processing Service is working. Count: {Count} 
2023-12-07 16:43:52.6958 Info Scoped Processing Service is working. Count: {Count} 
2023-12-07 16:44:33.2805 Info Scoped Processing Service is working. Count: {Count} 
2023-12-07 16:45:13.8810 Info Scoped Processing Service is working. Count: {Count} 
2023-12-07 16:45:54.4626 Info Scoped Processing Service is working. Count: {Count} 
2023-12-07 16:46:35.0374 Info Scoped Processing Service is working. Count: {Count} 
2023-12-07 16:47:15.6187 Info Scoped Processing Service is working. Count: {Count} 
2023-12-07 16:47:56.1909 Info Scoped Processing Service is working. Count: {Count} 
2023-12-07 16:48:36.8006 Info Scoped Processing Service is working. Count: {Count} 
2023-12-07 16:49:17.4460 Info Scoped Processing Service is working. Count: {Count} 
2023-12-07 16:49:58.0385 Info Scoped Processing Service is working. Count: {Count} 
2023-12-07 16:50:38.6207 Info Scoped Processing Service is working. Count: {Count} 
2023-12-07 16:51:19.2070 Info Scoped Processing Service is working. Count: {Count} 
2023-12-07 16:51:59.7854 Info Scoped Processing Service is working. Count: {Count} 
2023-12-07 16:52:40.3693 Info Scoped Processing Service is working. Count: {Count} 
2023-12-07 16:53:20.9776 Info Scoped Processing Service is working. Count: {Count} 
2023-12-07 16:54:01.5754 Info Scoped Processing Service is working. Count: {Count} 
2023-12-07 16:54:42.1813 Info Scoped Processing Service is working. Count: {Count} 
2023-12-07 17:00:04.8074 Info Consume Scoped Service Hosted Service running. 
2023-12-07 17:00:04.8534 Info Consume Scoped Service Hosted Service is working. 
2023-12-07 17:00:05.1659 Info Scoped Processing Service is working. Count: 1 
2023-12-07 17:00:47.0346 Info Scoped Processing Service is working. Count: 2 
2023-12-07 17:02:57.9429 Info Consume Scoped Service Hosted Service running. 
2023-12-07 17:02:58.9478 Info Consume Scoped Service Hosted Service is working. 
2023-12-07 17:03:00.4258 Info Scoped Processing Service is working. Count: 1 
2023-12-07 17:03:35.6561 Error Ошибка: The ConnectionString property has not been initialized. 
2023-12-07 17:03:42.0563 Info Scoped Processing Service is working. Count: 2 
2023-12-07 17:11:53.4104 Info Consume Scoped Service Hosted Service running. 
2023-12-07 17:11:53.4817 Info Consume Scoped Service Hosted Service is working. 
2023-12-07 17:11:53.7903 Info Scoped Processing Service is working. Count: 1 
2023-12-07 17:11:55.8271 Info Получен Update. 
2023-12-07 17:11:59.5263 Error Ошибка: The ConnectionString property has not been initialized. 
2023-12-07 17:24:52.5442 Info Consume Scoped Service Hosted Service running. 
2023-12-07 17:24:52.5925 Info Consume Scoped Service Hosted Service is working. 
2023-12-07 17:24:52.9134 Info Scoped Processing Service is working. Count: 1 
2023-12-07 17:27:37.9692 Info Scoped Processing Service is working. Count: 2 
2023-12-07 18:05:13.7237 Info Consume Scoped Service Hosted Service running. 
2023-12-07 18:05:13.7621 Info Consume Scoped Service Hosted Service is working. 
2023-12-07 18:05:14.0274 Info Scoped Processing Service is working. Count: 1 
2023-12-07 18:06:37.7275 Info Consume Scoped Service Hosted Service running. 
2023-12-07 18:06:37.7731 Info Consume Scoped Service Hosted Service is working. 
2023-12-07 18:06:38.0620 Info Scoped Processing Service is working. Count: 1 
2023-12-07 18:12:47.8749 Info Consume Scoped Service Hosted Service running. 
2023-12-07 18:12:47.9225 Info Consume Scoped Service Hosted Service is working. 
2023-12-07 18:12:48.2194 Info Scoped Processing Service is working. Count: 1 
2023-12-07 18:14:59.1435 Info Consume Scoped Service Hosted Service running. 
2023-12-07 18:14:59.1969 Info Consume Scoped Service Hosted Service is working. 
2023-12-07 18:14:59.4747 Info Scoped Processing Service is working. Count: 1 
2023-12-07 18:17:52.4563 Info Scoped Processing Service is working. Count: 2 
2023-12-07 18:30:27.7030 Info Scoped Processing Service is working. Count: 3 
2023-12-07 18:31:38.2151 Info Scoped Processing Service is working. Count: 4 
2023-12-07 23:45:13.5214 Info Consume Scoped Service Hosted Service running. 
2023-12-07 23:45:13.6237 Info Consume Scoped Service Hosted Service is working. 
2023-12-07 23:45:14.3121 Info Scoped Processing Service is working. Count: 1 
2023-12-07 23:47:55.7087 Info Scoped Processing Service is working. Count: 2 
2023-12-07 23:48:42.8946 Info Scoped Processing Service is working. Count: 3 
